{
  "version": "1.5.0",
  "plugins_used": [
    {
      "name": "ArtifactoryDetector"
    },
    {
      "name": "AWSKeyDetector"
    },
    {
      "name": "AzureStorageKeyDetector"
    },
    {
      "name": "Base64HighEntropyString",
      "limit": 4.5
    },
    {
      "name": "BasicAuthDetector"
    },
    {
      "name": "CloudantDetector"
    },
    {
      "name": "DiscordBotTokenDetector"
    },
    {
      "name": "GitHubTokenDetector"
    },
    {
      "name": "GitLabTokenDetector"
    },
    {
      "name": "HexHighEntropyString",
      "limit": 3.0
    },
    {
      "name": "IbmCloudIamDetector"
    },
    {
      "name": "IbmCosHmacDetector"
    },
    {
      "name": "IPPublicDetector"
    },
    {
      "name": "JwtTokenDetector"
    },
    {
      "name": "KeywordDetector",
      "keyword_exclude": ""
    },
    {
      "name": "MailchimpDetector"
    },
    {
      "name": "NpmDetector"
    },
    {
      "name": "OpenAIDetector"
    },
    {
      "name": "PrivateKeyDetector"
    },
    {
      "name": "PypiTokenDetector"
    },
    {
      "name": "SendGridDetector"
    },
    {
      "name": "SlackDetector"
    },
    {
      "name": "SoftlayerDetector"
    },
    {
      "name": "SquareOAuthDetector"
    },
    {
      "name": "StripeDetector"
    },
    {
      "name": "TelegramBotTokenDetector"
    },
    {
      "name": "TwilioKeyDetector"
    }
  ],
  "filters_used": [
    {
      "path": "detect_secrets.filters.allowlist.is_line_allowlisted"
    },
    {
      "path": "detect_secrets.filters.common.is_ignored_due_to_verification_policies",
      "min_level": 2
    },
    {
      "path": "detect_secrets.filters.heuristic.is_indirect_reference"
    },
    {
      "path": "detect_secrets.filters.heuristic.is_likely_id_string"
    },
    {
      "path": "detect_secrets.filters.heuristic.is_lock_file"
    },
    {
      "path": "detect_secrets.filters.heuristic.is_not_alphanumeric_string"
    },
    {
      "path": "detect_secrets.filters.heuristic.is_potential_uuid"
    },
    {
      "path": "detect_secrets.filters.heuristic.is_prefixed_with_dollar_sign"
    },
    {
      "path": "detect_secrets.filters.heuristic.is_sequential_string"
    },
    {
      "path": "detect_secrets.filters.heuristic.is_swagger_file"
    },
    {
      "path": "detect_secrets.filters.heuristic.is_templated_secret"
    },
    {
      "path": "detect_secrets.filters.regex.should_exclude_file",
      "pattern": [
        "\\.git/.*",
        ".*\\.lock",
        ".*node_modules/.*",
        ".*\\.min\\.js"
      ]
    }
  ],
  "results": {
    ".env.example": [
      {
        "type": "Basic Auth Credentials",
        "filename": ".env.example",
        "hashed_secret": "b8bdfa4430b7f7d0072e6fd4f4bf7b0a680a5bb2",
        "is_verified": false,
        "line_number": 1
      }
    ],
    ".github/workflows/ci.yml": [
      {
        "type": "Secret Keyword",
        "filename": ".github/workflows/ci.yml",
        "hashed_secret": "b8bdfa4430b7f7d0072e6fd4f4bf7b0a680a5bb2",
        "is_verified": false,
        "line_number": 22
      },
      {
        "type": "Basic Auth Credentials",
        "filename": ".github/workflows/ci.yml",
        "hashed_secret": "b8bdfa4430b7f7d0072e6fd4f4bf7b0a680a5bb2",
        "is_verified": false,
        "line_number": 57
      },
      {
        "type": "Secret Keyword",
        "filename": ".github/workflows/ci.yml",
        "hashed_secret": "d7650c88ee12052460f58879d6d1c67fa53718bb",
        "is_verified": false,
        "line_number": 58
      },
      {
        "type": "Secret Keyword",
        "filename": ".github/workflows/ci.yml",
        "hashed_secret": "53a07f63d2380a26d4f3be29160119d9f606e81b",
        "is_verified": false,
        "line_number": 179
      },
      {
        "type": "Secret Keyword",
        "filename": ".github/workflows/ci.yml",
        "hashed_secret": "b4925768ac7188f2bf1abbd651d0011cb9df0cd6",
        "is_verified": false,
        "line_number": 230
      }
    ],
    "CLAUDE.md": [
      {
        "type": "Basic Auth Credentials",
        "filename": "CLAUDE.md",
        "hashed_secret": "b8bdfa4430b7f7d0072e6fd4f4bf7b0a680a5bb2",
        "is_verified": false,
        "line_number": 63
      },
      {
        "type": "Secret Keyword",
        "filename": "CLAUDE.md",
        "hashed_secret": "8c01bda10ee488f6106c448cb1b2f4ff9475b3e4",
        "is_verified": false,
        "line_number": 64
      }
    ],
    "CONTRIBUTING.md": [
      {
        "type": "Basic Auth Credentials",
        "filename": "CONTRIBUTING.md",
        "hashed_secret": "b8bdfa4430b7f7d0072e6fd4f4bf7b0a680a5bb2",
        "is_verified": false,
        "line_number": 162
      },
      {
        "type": "Secret Keyword",
        "filename": "CONTRIBUTING.md",
        "hashed_secret": "8c01bda10ee488f6106c448cb1b2f4ff9475b3e4",
        "is_verified": false,
        "line_number": 163
      }
    ],
    "README.md": [
      {
        "type": "Basic Auth Credentials",
        "filename": "README.md",
        "hashed_secret": "b8bdfa4430b7f7d0072e6fd4f4bf7b0a680a5bb2",
        "is_verified": false,
        "line_number": 78
      },
      {
        "type": "Secret Keyword",
        "filename": "README.md",
        "hashed_secret": "8c01bda10ee488f6106c448cb1b2f4ff9475b3e4",
        "is_verified": false,
        "line_number": 79
      }
    ],
    "backend/seed.py": [
      {
        "type": "Basic Auth Credentials",
        "filename": "backend/seed.py",
        "hashed_secret": "b8bdfa4430b7f7d0072e6fd4f4bf7b0a680a5bb2",
        "is_verified": false,
        "line_number": 11
      },
      {
        "type": "Secret Keyword",
        "filename": "backend/seed.py",
        "hashed_secret": "1a2f43384c04e77b8965ee307cb6eb2812124bb2",
        "is_verified": false,
        "line_number": 30
      }
    ],
    "backend/tests/conftest.py": [
      {
        "type": "Basic Auth Credentials",
        "filename": "backend/tests/conftest.py",
        "hashed_secret": "b8bdfa4430b7f7d0072e6fd4f4bf7b0a680a5bb2",
        "is_verified": false,
        "line_number": 17
      }
    ],
    "backend/tests/test_observability.py": [
      {
        "type": "Basic Auth Credentials",
        "filename": "backend/tests/test_observability.py",
        "hashed_secret": "b8bdfa4430b7f7d0072e6fd4f4bf7b0a680a5bb2",
        "is_verified": false,
        "line_number": 227
      },
      {
        "type": "Secret Keyword",
        "filename": "backend/tests/test_observability.py",
        "hashed_secret": "e877a8b70eaac3f3e50e4f408990aac9e180f57b",
        "is_verified": false,
        "line_number": 318
      }
    ],
    "docker-compose.yml": [
      {
        "type": "Secret Keyword",
        "filename": "docker-compose.yml",
        "hashed_secret": "b8bdfa4430b7f7d0072e6fd4f4bf7b0a680a5bb2",
        "is_verified": false,
        "line_number": 6
      },
      {
        "type": "Basic Auth Credentials",
        "filename": "docker-compose.yml",
        "hashed_secret": "b8bdfa4430b7f7d0072e6fd4f4bf7b0a680a5bb2",
        "is_verified": false,
        "line_number": 25
      },
      {
        "type": "Secret Keyword",
        "filename": "docker-compose.yml",
        "hashed_secret": "d033e22ae348aeb5660fc2140aec35850c4da997",
        "is_verified": false,
        "line_number": 94
      }
    ],
    "docs/instructor-guide.md": [
      {
        "type": "Basic Auth Credentials",
        "filename": "docs/instructor-guide.md",
        "hashed_secret": "b8bdfa4430b7f7d0072e6fd4f4bf7b0a680a5bb2",
        "is_verified": false,
        "line_number": 75
      },
      {
        "type": "Secret Keyword",
        "filename": "docs/instructor-guide.md",
        "hashed_secret": "8c01bda10ee488f6106c448cb1b2f4ff9475b3e4",
        "is_verified": false,
        "line_number": 76
      },
      {
        "type": "Secret Keyword",
        "filename": "docs/instructor-guide.md",
        "hashed_secret": "1a2f43384c04e77b8965ee307cb6eb2812124bb2",
        "is_verified": false,
        "line_number": 91
      }
    ],
    "docs/modules/03-git-workflow.md": [
      {
        "type": "AWS Access Key",
        "filename": "docs/modules/03-git-workflow.md",
        "hashed_secret": "25910f981e85ca04baf359199dd0bd4a3ae738b6",
        "is_verified": false,
        "line_number": 70
      },
      {
        "type": "Secret Keyword",
        "filename": "docs/modules/03-git-workflow.md",
        "hashed_secret": "25910f981e85ca04baf359199dd0bd4a3ae738b6",
        "is_verified": false,
        "line_number": 70
      }
    ],
    "docs/modules/05b-observability.md": [
      {
        "type": "Secret Keyword",
        "filename": "docs/modules/05b-observability.md",
        "hashed_secret": "f8ab9b1da0aa71144762f23cf7f01d45717e6554",
        "is_verified": false,
        "line_number": 113
      }
    ],
    "docs/modules/07-testing.md": [
      {
        "type": "Basic Auth Credentials",
        "filename": "docs/modules/07-testing.md",
        "hashed_secret": "b8bdfa4430b7f7d0072e6fd4f4bf7b0a680a5bb2",
        "is_verified": false,
        "line_number": 77
      },
      {
        "type": "Secret Keyword",
        "filename": "docs/modules/07-testing.md",
        "hashed_secret": "8c01bda10ee488f6106c448cb1b2f4ff9475b3e4",
        "is_verified": false,
        "line_number": 78
      }
    ],
    "docs/modules/07b-e2e-testing.md": [
      {
        "type": "Secret Keyword",
        "filename": "docs/modules/07b-e2e-testing.md",
        "hashed_secret": "32ca9fc1a0f5b6330e3f4c8c1bbecde9bedb9573",
        "is_verified": false,
        "line_number": 104
      }
    ],
    "docs/modules/09-cicd.md": [
      {
        "type": "AWS Access Key",
        "filename": "docs/modules/09-cicd.md",
        "hashed_secret": "25910f981e85ca04baf359199dd0bd4a3ae738b6",
        "is_verified": false,
        "line_number": 120
      }
    ],
    "docs/modules/12-pen-testing.md": [
      {
        "type": "JSON Web Token",
        "filename": "docs/modules/12-pen-testing.md",
        "hashed_secret": "dfce8097cc815df6d28d41feb756cc1799ca0543",
        "is_verified": false,
        "line_number": 180
      },
      {
        "type": "Secret Keyword",
        "filename": "docs/modules/12-pen-testing.md",
        "hashed_secret": "d8ecf7db8fc9ec9c31bc5c9ae2929cc599c75f8d",
        "is_verified": false,
        "line_number": 263
      }
    ],
    "docs/operations.md": [
      {
        "type": "Basic Auth Credentials",
        "filename": "docs/operations.md",
        "hashed_secret": "b8bdfa4430b7f7d0072e6fd4f4bf7b0a680a5bb2",
        "is_verified": false,
        "line_number": 45
      },
      {
        "type": "Secret Keyword",
        "filename": "docs/operations.md",
        "hashed_secret": "8c01bda10ee488f6106c448cb1b2f4ff9475b3e4",
        "is_verified": false,
        "line_number": 131
      }
    ],
    "docs/rubric.md": [
      {
        "type": "Secret Keyword",
        "filename": "docs/rubric.md",
        "hashed_secret": "badb8255ed9ddfa66a46c39ca7bed36608c384d8",
        "is_verified": false,
        "line_number": 65
      }
    ],
    "docs/user-guide.md": [
      {
        "type": "Secret Keyword",
        "filename": "docs/user-guide.md",
        "hashed_secret": "5d9b9d6774e071d5437cdb8094697187f9ffaf2f",
        "is_verified": false,
        "line_number": 57
      }
    ],
    "frontend/e2e/auth.spec.ts": [
      {
        "type": "Secret Keyword",
        "filename": "frontend/e2e/auth.spec.ts",
        "hashed_secret": "32ca9fc1a0f5b6330e3f4c8c1bbecde9bedb9573",
        "is_verified": false,
        "line_number": 16
      }
    ],
    "frontend/e2e/task-flow.spec.ts": [
      {
        "type": "Secret Keyword",
        "filename": "frontend/e2e/task-flow.spec.ts",
        "hashed_secret": "32ca9fc1a0f5b6330e3f4c8c1bbecde9bedb9573",
        "is_verified": false,
        "line_number": 9
      }
    ],
    "load-tests/k6/load.js": [
      {
        "type": "Secret Keyword",
        "filename": "load-tests/k6/load.js",
        "hashed_secret": "9afb44e5233a4d5fe32cd62dc584e33e73ac107b",
        "is_verified": false,
        "line_number": 71
      }
    ],
    "load-tests/k6/smoke.js": [
      {
        "type": "Secret Keyword",
        "filename": "load-tests/k6/smoke.js",
        "hashed_secret": "9ebfffcf3554381308bc81c5686d748d56957b16",
        "is_verified": false,
        "line_number": 37
      }
    ],
    "load-tests/k6/spike.js": [
      {
        "type": "Secret Keyword",
        "filename": "load-tests/k6/spike.js",
        "hashed_secret": "ecda8281bf5db71d535e93429883ae86e57b1cf8",
        "is_verified": false,
        "line_number": 61
      }
    ],
    "load-tests/locustfile.py": [
      {
        "type": "Secret Keyword",
        "filename": "load-tests/locustfile.py",
        "hashed_secret": "401219f199999b7886c5413ebe466562db313629",
        "is_verified": false,
        "line_number": 39
      }
    ],
    "pen-tests/manual-checks.sh": [
      {
        "type": "JSON Web Token",
        "filename": "pen-tests/manual-checks.sh",
        "hashed_secret": "dfce8097cc815df6d28d41feb756cc1799ca0543",
        "is_verified": false,
        "line_number": 183
      },
      {
        "type": "JSON Web Token",
        "filename": "pen-tests/manual-checks.sh",
        "hashed_secret": "9a87a5f72526a26bb7bdd06e4e369f6f612a175a",
        "is_verified": false,
        "line_number": 193
      },
      {
        "type": "Secret Keyword",
        "filename": "pen-tests/manual-checks.sh",
        "hashed_secret": "d8ecf7db8fc9ec9c31bc5c9ae2929cc599c75f8d",
        "is_verified": false,
        "line_number": 300
      }
    ],
    "solution/.env.example": [
      {
        "type": "Basic Auth Credentials",
        "filename": "solution/.env.example",
        "hashed_secret": "b8bdfa4430b7f7d0072e6fd4f4bf7b0a680a5bb2",
        "is_verified": false,
        "line_number": 2
      }
    ],
    "solution/README.md": [
      {
        "type": "Basic Auth Credentials",
        "filename": "solution/README.md",
        "hashed_secret": "b8bdfa4430b7f7d0072e6fd4f4bf7b0a680a5bb2",
        "is_verified": false,
        "line_number": 65
      },
      {
        "type": "Secret Keyword",
        "filename": "solution/README.md",
        "hashed_secret": "8c01bda10ee488f6106c448cb1b2f4ff9475b3e4",
        "is_verified": false,
        "line_number": 66
      }
    ],
    "solution/backend/alembic.ini": [
      {
        "type": "Basic Auth Credentials",
        "filename": "solution/backend/alembic.ini",
        "hashed_secret": "9d4e1e23bd5b727046a9e3b4b7db57bd8d6ee684",
        "is_verified": false,
        "line_number": 5
      }
    ],
    "solution/backend/tests/test_auth_integration.py": [
      {
        "type": "Secret Keyword",
        "filename": "solution/backend/tests/test_auth_integration.py",
        "hashed_secret": "badb8255ed9ddfa66a46c39ca7bed36608c384d8",
        "is_verified": false,
        "line_number": 10
      },
      {
        "type": "Secret Keyword",
        "filename": "solution/backend/tests/test_auth_integration.py",
        "hashed_secret": "7bd5a5c0ba1a2d932b1b76de2e56337c4d31fd0b",
        "is_verified": false,
        "line_number": 42
      },
      {
        "type": "Secret Keyword",
        "filename": "solution/backend/tests/test_auth_integration.py",
        "hashed_secret": "cbfdac6008f9cab4083784cbd1874f76618d2a97",
        "is_verified": false,
        "line_number": 74
      },
      {
        "type": "Secret Keyword",
        "filename": "solution/backend/tests/test_auth_integration.py",
        "hashed_secret": "d8ecf7db8fc9ec9c31bc5c9ae2929cc599c75f8d",
        "is_verified": false,
        "line_number": 87
      },
      {
        "type": "JSON Web Token",
        "filename": "solution/backend/tests/test_auth_integration.py",
        "hashed_secret": "dfce8097cc815df6d28d41feb756cc1799ca0543",
        "is_verified": false,
        "line_number": 104
      }
    ],
    "solution/backend/tests/test_projects_integration.py": [
      {
        "type": "Secret Keyword",
        "filename": "solution/backend/tests/test_projects_integration.py",
        "hashed_secret": "4bd074cf429ab454cd7bee74be51083a93cd8aa9",
        "is_verified": false,
        "line_number": 12
      }
    ],
    "solution/backend/tests/test_tasks_integration.py": [
      {
        "type": "Secret Keyword",
        "filename": "solution/backend/tests/test_tasks_integration.py",
        "hashed_secret": "4bd074cf429ab454cd7bee74be51083a93cd8aa9",
        "is_verified": false,
        "line_number": 12
      }
    ]
  },
  "generated_at": "2026-06-16T06:13:20Z"
}
